# captured from: node --test <a three-case file: a pass named "…fail…", a red named "…ok…", a skip> (see MIXED_TESTS in this file)
TAP version 13
# Subtest: the grader must not read this name as a failure
ok 1 - the grader must not read this name as a failure
  ---
  duration_ms: 1.4566
  type: 'test'
  ...
# Subtest: this one is ok to the eye and red to the runner
not ok 2 - this one is ok to the eye and red to the runner
  ---
  duration_ms: 4.0476
  type: 'test'
  location: '<tmp>\\mixed.test.mjs:6:1'
  failureType: 'testCodeFailure'
  error: |-
    Expected values to be strictly deep-equal:
    + actual - expected
    
      {
    +   cases: 1,
    +   suites: 0
    -   cases: 4,
    -   suites: 4
      }
    
  code: 'ERR_ASSERTION'
  name: 'AssertionError'
  expected:
    cases: 4
    suites: 4
  actual:
    cases: 1
    suites: 0
  operator: 'deepStrictEqual'
  stack: |-
    TestContext.<anonymous> (<tmp>/mixed.test.mjs:7:10)
    Test.runInAsyncScope (node:async_hooks:214:14)
    Test.run (node:internal/test_runner/test:1047:25)
    Test.processPendingSubtests (node:internal/test_runner/test:744:18)
    Test.postRun (node:internal/test_runner/test:1173:19)
    Test.run (node:internal/test_runner/test:1101:12)
    async startSubtestAfterBootstrap (node:internal/test_runner/harness:296:3)
  ...
# Subtest: a case the runner was told to skip
ok 3 - a case the runner was told to skip # SKIP no rubric declared on this platform
  ---
  duration_ms: 0.1969
  type: 'test'
  ...
1..3
# tests 3
# suites 0
# pass 1
# fail 1
# cancelled 0
# skipped 1
# todo 0
# duration_ms 314.4611
